// Jest Snapshot v1, https://goo.gl/fbAQLP

exports[`Should render edit expense page correctly 1`] = `
<div>
  <ExpenseForm
    expense={
      Object {
        "amount": 109500,
        "createdAt": -345600000,
        "description": "rent",
        "id": "2",
        "note": "",
      }
    }
    onSubmit={[Function]}
  />
  <button
    onClick={[Function]}
  >
    Remove
  </button>
</div>
`;
